../app/uart/u.c:123:10:myAtoUi	32	static
../app/uart/u.c:144:13:setConditionsFor	16	static
../app/uart/u.c:158:13:getEncVal	16	static
../app/uart/u.c:176:13:getOTPVal	8	static
../app/uart/u.c:191:13:setOTPField	32	static
../app/uart/u.c:238:13:programOTPData	8	static
../app/uart/u.c:254:17:prepareMenu	40	static
../app/uart/u.c:343:13:processChoice	24	static
../app/uart/u.c:366:13:processSSIRxData	16	static
../app/uart/u.c:382:6:uInit	4	static
../app/uart/u.c:403:6:uTask	16	static
../app/uart/u.c:464:6:HAL_TIM_PeriodElapsedCallback	24	static
../app/uart/u.c:505:6:HAL_UART_RxCpltCallback	16	static
../app/uart/u.c:513:6:HAL_UARTEx_RxEventCallback	16	static
../app/uart/u.c:521:6:HAL_UART_TxCpltCallback	16	static
