../app/uart/u.c:132:10:myAtoUi	32	static
../app/uart/u.c:155:13:setConditionsFor	16	static
../app/uart/u.c:169:13:getEncVal	16	static
../app/uart/u.c:187:13:getOTPVal	8	static
../app/uart/u.c:202:13:setOTPField	40	static
../app/uart/u.c:260:13:programOTPData	8	static
../app/uart/u.c:276:17:prepareMenu	56	static
../app/uart/u.c:373:13:processChoice	32	static
../app/uart/u.c:399:13:processSSIRxData	16	static
../app/uart/u.c:415:6:uInit	4	static
../app/uart/u.c:436:6:uTask	16	static
../app/uart/u.c:506:6:HAL_TIM_PeriodElapsedCallback	24	static
../app/uart/u.c:547:6:HAL_UART_RxCpltCallback	16	static
../app/uart/u.c:556:6:HAL_UARTEx_RxEventCallback	16	static
../app/uart/u.c:564:6:HAL_UART_TxCpltCallback	16	static
